../Core/Src/main.c:114:5:main	8	static
../Core/Src/main.c:170:6:SystemClock_Config	88	static
../Core/Src/main.c:209:13:MX_I2C1_Init	8	static
../Core/Src/main.c:247:13:MX_SPI1_Init	8	static
../Core/Src/main.c:285:13:MX_USART1_UART_Init	8	static
../Core/Src/main.c:316:13:MX_USART2_UART_Init	8	static
../Core/Src/main.c:347:13:MX_GPIO_Init	56	static
../Core/Src/main.c:409:6:UpdateGPIODirection	32	static
../Core/Src/main.c:462:24:GetDestinationByPort	16	static
../Core/Src/main.c:493:6:SendRequestToDestination	24	static
../Core/Src/main.c:626:6:GetResponseFromDestination	40	static
../Core/Src/main.c:794:6:MtemuConnection	40	static
../Core/Src/main.c:804:6:SendMtemuResponse	16	static
../Core/Src/main.c:824:6:GetMtemuRequest	16	static
../Core/Src/main.c:843:6:MtemuUartHandler	8	static
../Core/Src/main.c:861:6:HAL_UART_RxCpltCallback	16	static
../Core/Src/main.c:876:6:Error_Handler	4	static,ignoring_inline_asm
